[2026-05-28 03:19:26] INFO — =======================================================
[2026-05-28 03:19:26] INFO — Iniciando reentrenamiento del modelo de fraude
[2026-05-28 03:19:26] INFO — =======================================================
[2026-05-28 03:19:26] INFO — Sin datos reales — usando seed_data.parquet para entrenamiento inicial
[2026-05-28 03:19:49] INFO — Seed cargado: 10000 filas
[2026-05-28 03:19:50] INFO — Distribución de clases:
[2026-05-28 03:20:02] INFO — Train: 8079 filas | Val: 1921 filas
[2026-05-28 03:20:02] INFO — Entrenando pipeline...
[2026-05-28 03:20:45] INFO — Entrenamiento completado
[2026-05-28 03:20:45] INFO — Evaluando en validación...
[2026-05-28 03:20:52] INFO —   F1        : 0.9785
[2026-05-28 03:20:52] INFO —   Accuracy  : 0.9787
[2026-05-28 03:20:52] INFO —   Precision : 0.9785
[2026-05-28 03:20:52] INFO —   Recall    : 0.9787
[2026-05-28 03:20:52] INFO — Backup guardado en: /app/app/backups/fraud_rf_model_20260528_0320
[2026-05-28 03:21:33] INFO — Nuevo modelo guardado en: /app/app/fraud_rf_model
[2026-05-28 03:21:33] INFO — Reentrenamiento finalizado correctamente
[2026-05-28 03:21:33] INFO — =======================================================
[2026-05-28 03:41:11] INFO — =======================================================
[2026-05-28 03:41:11] INFO — Iniciando reentrenamiento del modelo de fraude
[2026-05-28 03:41:11] INFO — =======================================================
[2026-05-28 03:41:11] INFO — Sin datos reales — usando seed_data.parquet para entrenamiento inicial
[2026-05-28 03:41:21] INFO — Seed cargado: 10000 filas
[2026-05-28 03:41:22] INFO — Distribución de clases:
[2026-05-28 03:41:28] INFO — Train: 8079 filas | Val: 1921 filas
[2026-05-28 03:41:28] INFO — Entrenando pipeline...
[2026-05-28 03:41:42] INFO — Entrenamiento completado
[2026-05-28 03:41:42] INFO — Evaluando en validación...
[2026-05-28 03:41:46] INFO —   F1        : 0.9785
[2026-05-28 03:41:46] INFO —   Accuracy  : 0.9787
[2026-05-28 03:41:46] INFO —   Precision : 0.9785
[2026-05-28 03:41:46] INFO —   Recall    : 0.9787
[2026-05-28 03:41:49] INFO — Backup guardado en: /app/app/backups/fraud_rf_model_20260528_0341
[2026-05-28 03:42:06] INFO — Nuevo modelo guardado en: /app/app/fraud_rf_model
[2026-05-28 03:42:06] INFO — Reentrenamiento finalizado correctamente
[2026-05-28 03:42:06] INFO — =======================================================
[2026-05-28 03:43:57] INFO — =======================================================
[2026-05-28 03:43:57] INFO — Iniciando reentrenamiento del modelo de fraude
[2026-05-28 03:43:57] INFO — =======================================================
[2026-05-28 03:43:57] INFO — Sin datos reales — usando seed_data.parquet para entrenamiento inicial
[2026-05-28 03:44:06] INFO — Seed cargado: 10000 filas
[2026-05-28 03:44:06] INFO — Distribución de clases:
[2026-05-28 03:44:12] INFO — Train: 8079 filas | Val: 1921 filas
[2026-05-28 03:44:12] INFO — Entrenando pipeline...
[2026-05-28 03:44:28] INFO — Entrenamiento completado
[2026-05-28 03:44:28] INFO — Evaluando en validación...
[2026-05-28 03:44:31] INFO —   F1        : 0.9785
[2026-05-28 03:44:31] INFO —   Accuracy  : 0.9787
[2026-05-28 03:44:31] INFO —   Precision : 0.9785
[2026-05-28 03:44:31] INFO —   Recall    : 0.9787
[2026-05-28 03:44:35] INFO — Backup guardado en: /app/app/backups/fraud_rf_model_20260528_0344
[2026-05-28 03:44:52] INFO — Nuevo modelo guardado en: /app/app/fraud_rf_model
[2026-05-28 03:44:52] INFO — Reentrenamiento finalizado correctamente
[2026-05-28 03:44:52] INFO — =======================================================
[2026-05-28 04:04:54] INFO — =======================================================
[2026-05-28 04:04:54] INFO — Iniciando reentrenamiento del modelo de fraude
[2026-05-28 04:04:54] INFO — =======================================================
[2026-05-28 04:05:06] INFO — Datos reales encontrados: 19 filas
[2026-05-28 04:05:06] WARNING — Solo 19 filas reales (mínimo 1000). Combinando con seed para enriquecer el entrenamiento...
[2026-05-28 04:17:59] INFO — =======================================================
[2026-05-28 04:17:59] INFO — Iniciando reentrenamiento del modelo de fraude
[2026-05-28 04:17:59] INFO — =======================================================
[2026-05-28 04:25:17] INFO — =======================================================
[2026-05-28 04:25:17] INFO — Iniciando reentrenamiento del modelo de fraude
[2026-05-28 04:25:17] INFO — =======================================================
[2026-05-28 04:28:49] INFO — Datos reales encontrados: 40 filas
[2026-05-28 04:28:49] WARNING — Solo 40 filas reales (mínimo 1000). Combinando con seed para enriquecer el entrenamiento...
[2026-05-28 04:28:54] INFO — =======================================================
[2026-05-28 04:28:54] INFO — Iniciando reentrenamiento del modelo de fraude
[2026-05-28 04:28:54] INFO — =======================================================
[2026-05-28 04:29:58] INFO — =======================================================
[2026-05-28 04:29:58] INFO — Iniciando reentrenamiento del modelo de fraude
[2026-05-28 04:29:58] INFO — =======================================================
[2026-05-28 04:48:12] INFO — =======================================================
[2026-05-28 04:48:12] INFO — Iniciando reentrenamiento del modelo de fraude
[2026-05-28 04:48:12] INFO — =======================================================
[2026-05-28 04:48:36] INFO — Datos reales encontrados: 107 filas
[2026-05-28 04:48:36] WARNING — Solo 107 filas reales (mínimo 1000). Combinando con seed para enriquecer el entrenamiento...
[2026-05-28 15:18:34] INFO — =======================================================
[2026-05-28 15:18:34] INFO — Iniciando reentrenamiento del modelo de fraude
[2026-05-28 15:18:34] INFO — =======================================================
[2026-05-28 15:18:50] INFO — Datos reales encontrados: 107 filas
[2026-05-28 15:18:50] WARNING — Solo 107 filas reales (mínimo 1000). Combinando con seed para enriquecer el entrenamiento...
[2026-05-28 15:18:53] INFO — Total tras combinar con seed: 10107 filas
[2026-05-28 15:18:53] INFO — Distribución de clases:
[2026-05-28 15:19:04] INFO — Train: 8094 filas | Val: 2013 filas
[2026-05-28 15:19:04] INFO — Entrenando pipeline...
[2026-05-28 15:19:26] INFO — Entrenamiento completado
[2026-05-28 15:19:26] INFO — Evaluando en validación...
[2026-05-28 15:19:34] INFO —   F1        : 0.9789
[2026-05-28 15:19:34] INFO —   Accuracy  : 0.9791
[2026-05-28 15:19:34] INFO —   Precision : 0.9791
[2026-05-28 15:19:34] INFO —   Recall    : 0.9791
[2026-05-28 15:19:38] INFO — Backup guardado en: /app/app/backups/fraud_rf_model_20260528_1519
[2026-05-28 15:19:52] INFO — Nuevo modelo guardado en: /app/app/fraud_rf_model
[2026-05-28 15:19:52] INFO — Reentrenamiento finalizado correctamente
[2026-05-28 15:19:52] INFO — =======================================================
[2026-05-28 15:20:12] INFO — =======================================================
[2026-05-28 15:20:12] INFO — Iniciando reentrenamiento del modelo de fraude
[2026-05-28 15:20:12] INFO — =======================================================
[2026-05-28 15:20:40] INFO — Datos reales encontrados: 107 filas
[2026-05-28 15:20:40] WARNING — Solo 107 filas reales (mínimo 1000). Combinando con seed para enriquecer el entrenamiento...
[2026-05-28 15:20:42] INFO — Total tras combinar con seed: 10107 filas
[2026-05-28 15:20:42] INFO — Distribución de clases:
[2026-05-28 15:20:52] INFO — Train: 8094 filas | Val: 2013 filas
[2026-05-28 15:20:52] INFO — Entrenando pipeline...
[2026-05-28 15:21:16] INFO — Entrenamiento completado
[2026-05-28 15:21:16] INFO — Evaluando en validación...
[2026-05-28 15:21:27] INFO —   F1        : 0.9789
[2026-05-28 15:21:27] INFO —   Accuracy  : 0.9791
[2026-05-28 15:21:27] INFO —   Precision : 0.9791
[2026-05-28 15:21:27] INFO —   Recall    : 0.9791
[2026-05-28 15:21:31] INFO — Backup guardado en: /app/app/backups/fraud_rf_model_20260528_1521
[2026-05-28 15:21:48] INFO — Nuevo modelo guardado en: /app/app/fraud_rf_model
[2026-05-28 15:21:48] INFO — Reentrenamiento finalizado correctamente
[2026-05-28 15:21:48] INFO — =======================================================
